// 重构日志: bf91ea11
// 重构日志: 008889bd
// 重构日志: 2f2b9a60
// 重构日志: 951c5036
// 重构日志: 8dfa0474
// 重构日志: 18280df8
// 重构日志: c3dd221e
// 重构日志: 0fa51ec2
// 同步 ID: de2f2938 @ Thu Jul 23 08:27:57 UTC 2026
// 同步 ID: 4dbbd68c @ Fri Jul 24 13:33:35 UTC 2026
// 同步 ID: 347b6483 @ Sun Jul 26 08:01:49 UTC 2026
// 重构日志: f719d616
// 重构日志: f545b87e
// 重构日志: ae033310
// 同步 ID: cca94355 @ Mon Jul 27 17:45:30 UTC 2026
// 同步 ID: 60aa24e3 @ Thu Jul 30 06:48:48 UTC 2026
// 同步 ID: 151897eb @ Fri Jul 31 09:03:02 UTC 2026
// 同步 ID: 7ec31f30 @ Fri Jul 31 16:22:54 UTC 2026
// 同步 ID: 0bc336ea @ Sat Aug  1 09:53:50 UTC 2026
// 重构日志: 078a3509
// 重构日志: 591baf07
// 同步 ID: fa6fbba3 @ Tue Aug  4 22:24:46 UTC 2026
// 重构日志: cc925c8f
// 重构日志: add074b4
// 重构日志: 892bd4c6
// 同步 ID: cbc9ca8c @ Sat Aug  8 04:46:51 UTC 2026
// 同步 ID: dfc1ca98 @ Sat Aug  8 07:17:11 UTC 2026
// 同步 ID: 471c895c @ Sat Aug  8 12:08:57 UTC 2026
// 重构日志: e16551b7
// 同步 ID: 60f52dab @ Sat Aug  8 17:08:28 UTC 2026
